

***********************************************************************
Fatal NI connect error 12638, connecting to:
 (DESCRIPTION=(ADDRESS=(PROTOCOL=TCP)(HOST=LAPTOP-65I12NAU)(PORT=1521))(CONNECT_DATA=(SERVER=DEDICATED)(SERVICE_NAME=XE)(CID=(PROGRAM=C:\oraclexe\app\oracle\product\10.2.0\server\bin\sqlplus.exe)(HOST=LAPTOP-65I12NAU)(USER=CodexSandboxOffline))))

  VERSION INFORMATION:
	TNS for 32-bit Windows: Version 10.2.0.1.0 - Production
	Windows NT TCP/IP NT Protocol Adapter for 32-bit Windows: Version 10.2.0.1.0 - Production
  Time: 09-AVR. -2026 09:38:01
  Tracing not turned on.
  Tns error struct:
    ns main err code: 12638
    TNS-12638: Echec de recherche de références
    ns secondary err code: 0
    nt main err code: 0
    nt secondary err code: 0
    nt OS err code: 0


***********************************************************************
Fatal NI connect error 12638, connecting to:
 (DESCRIPTION=(ADDRESS=(PROTOCOL=TCP)(HOST=LAPTOP-65I12NAU)(PORT=1521))(CONNECT_DATA=(SERVER=DEDICATED)(SERVICE_NAME=XE)(CID=(PROGRAM=C:\oraclexe\app\oracle\product\10.2.0\server\bin\sqlplus.exe)(HOST=LAPTOP-65I12NAU)(USER=CodexSandboxOffline))))

  VERSION INFORMATION:
	TNS for 32-bit Windows: Version 10.2.0.1.0 - Production
	Windows NT TCP/IP NT Protocol Adapter for 32-bit Windows: Version 10.2.0.1.0 - Production
  Time: 21-AVR. -2026 20:28:36
  Tracing not turned on.
  Tns error struct:
    ns main err code: 12638
    TNS-12638: Echec de recherche de références
    ns secondary err code: 0
    nt main err code: 0
    nt secondary err code: 0
    nt OS err code: 0


***********************************************************************
Fatal NI connect error 12638, connecting to:
 (DESCRIPTION=(ADDRESS=(PROTOCOL=TCP)(HOST=LAPTOP-65I12NAU)(PORT=1521))(CONNECT_DATA=(SERVER=DEDICATED)(SERVICE_NAME=XE)(CID=(PROGRAM=C:\oraclexe\app\oracle\product\10.2.0\server\bin\sqlplus.exe)(HOST=LAPTOP-65I12NAU)(USER=CodexSandboxOffline))))

  VERSION INFORMATION:
	TNS for 32-bit Windows: Version 10.2.0.1.0 - Production
	Windows NT TCP/IP NT Protocol Adapter for 32-bit Windows: Version 10.2.0.1.0 - Production
  Time: 21-AVR. -2026 20:32:47
  Tracing not turned on.
  Tns error struct:
    ns main err code: 12638
    TNS-12638: Echec de recherche de références
    ns secondary err code: 0
    nt main err code: 0
    nt secondary err code: 0
    nt OS err code: 0
